// Vitest Snapshot v1, https://vitest.dev/guide/snapshot.html

exports[`Daily command > when aggregating daily stats > should aggregate all entities' data when no entity is provided 1`] = `
[
  {
    "category": "OTHER",
    "day": 2022-10-16T00:00:00.000Z,
    "rollup": null,
    "totalBlobSize": 4300n,
    "totalBlobs": 4,
    "totalUniqueBlobs": 3,
  },
  {
    "category": "ROLLUP",
    "day": 2022-10-16T00:00:00.000Z,
    "rollup": null,
    "totalBlobSize": 2100n,
    "totalBlobs": 2,
    "totalUniqueBlobs": 2,
  },
  {
    "category": null,
    "day": 2022-10-16T00:00:00.000Z,
    "rollup": null,
    "totalBlobSize": 6400n,
    "totalBlobs": 6,
    "totalUniqueBlobs": 3,
  },
  {
    "category": null,
    "day": 2022-10-16T00:00:00.000Z,
    "rollup": "OPTIMISM",
    "totalBlobSize": 2100n,
    "totalBlobs": 2,
    "totalUniqueBlobs": 2,
  },
  {
    "category": "ROLLUP",
    "day": 2023-05-10T00:00:00.000Z,
    "rollup": null,
    "totalBlobSize": 393216n,
    "totalBlobs": 3,
    "totalUniqueBlobs": 3,
  },
  {
    "category": null,
    "day": 2023-05-10T00:00:00.000Z,
    "rollup": null,
    "totalBlobSize": 393216n,
    "totalBlobs": 3,
    "totalUniqueBlobs": 3,
  },
  {
    "category": null,
    "day": 2023-05-10T00:00:00.000Z,
    "rollup": "BASE",
    "totalBlobSize": 393216n,
    "totalBlobs": 3,
    "totalUniqueBlobs": 3,
  },
  {
    "category": "OTHER",
    "day": 2023-08-03T00:00:00.000Z,
    "rollup": null,
    "totalBlobSize": 6200n,
    "totalBlobs": 6,
    "totalUniqueBlobs": 2,
  },
  {
    "category": null,
    "day": 2023-08-03T00:00:00.000Z,
    "rollup": null,
    "totalBlobSize": 6200n,
    "totalBlobs": 6,
    "totalUniqueBlobs": 2,
  },
  {
    "category": "OTHER",
    "day": 2023-08-20T00:00:00.000Z,
    "rollup": null,
    "totalBlobSize": 2400n,
    "totalBlobs": 2,
    "totalUniqueBlobs": 1,
  },
  {
    "category": "ROLLUP",
    "day": 2023-08-20T00:00:00.000Z,
    "rollup": null,
    "totalBlobSize": 3500n,
    "totalBlobs": 3,
    "totalUniqueBlobs": 3,
  },
  {
    "category": null,
    "day": 2023-08-20T00:00:00.000Z,
    "rollup": null,
    "totalBlobSize": 5900n,
    "totalBlobs": 5,
    "totalUniqueBlobs": 4,
  },
  {
    "category": null,
    "day": 2023-08-20T00:00:00.000Z,
    "rollup": "ARBITRUM",
    "totalBlobSize": 1100n,
    "totalBlobs": 1,
    "totalUniqueBlobs": 1,
  },
  {
    "category": null,
    "day": 2023-08-20T00:00:00.000Z,
    "rollup": "BASE",
    "totalBlobSize": 1400n,
    "totalBlobs": 1,
    "totalUniqueBlobs": 1,
  },
  {
    "category": null,
    "day": 2023-08-20T00:00:00.000Z,
    "rollup": "OPTIMISM",
    "totalBlobSize": 1000n,
    "totalBlobs": 1,
    "totalUniqueBlobs": 1,
  },
  {
    "category": "OTHER",
    "day": 2023-08-28T00:00:00.000Z,
    "rollup": null,
    "totalBlobSize": 1000n,
    "totalBlobs": 1,
    "totalUniqueBlobs": 1,
  },
  {
    "category": "ROLLUP",
    "day": 2023-08-28T00:00:00.000Z,
    "rollup": null,
    "totalBlobSize": 3000n,
    "totalBlobs": 3,
    "totalUniqueBlobs": 1,
  },
  {
    "category": null,
    "day": 2023-08-28T00:00:00.000Z,
    "rollup": null,
    "totalBlobSize": 4000n,
    "totalBlobs": 4,
    "totalUniqueBlobs": 1,
  },
  {
    "category": null,
    "day": 2023-08-28T00:00:00.000Z,
    "rollup": "OPTIMISM",
    "totalBlobSize": 3000n,
    "totalBlobs": 3,
    "totalUniqueBlobs": 1,
  },
  {
    "category": "OTHER",
    "day": 2023-08-31T00:00:00.000Z,
    "rollup": null,
    "totalBlobSize": 2500n,
    "totalBlobs": 2,
    "totalUniqueBlobs": 2,
  },
  {
    "category": "ROLLUP",
    "day": 2023-08-31T00:00:00.000Z,
    "rollup": null,
    "totalBlobSize": 3900n,
    "totalBlobs": 3,
    "totalUniqueBlobs": 1,
  },
  {
    "category": null,
    "day": 2023-08-31T00:00:00.000Z,
    "rollup": null,
    "totalBlobSize": 6400n,
    "totalBlobs": 5,
    "totalUniqueBlobs": 3,
  },
  {
    "category": null,
    "day": 2023-08-31T00:00:00.000Z,
    "rollup": "OPTIMISM",
    "totalBlobSize": 3900n,
    "totalBlobs": 3,
    "totalUniqueBlobs": 1,
  },
]
`;

exports[`Daily command > when aggregating daily stats > should aggregate all entities' data when no entity is provided 2`] = `
[
  {
    "avgBlobAsCalldataFee": 44941160,
    "avgBlobFee": 17301504,
    "avgBlobGasPrice": 22,
    "day": 2022-10-16T00:00:00.000Z,
    "totalBlobAsCalldataFee": "44941160",
    "totalBlobAsCalldataGasUsed": "2042780",
    "totalBlobFee": "17301504",
    "totalBlobGasUsed": "786432",
    "totalBlocks": 1,
  },
  {
    "avgBlobAsCalldataFee": 5610000,
    "avgBlobFee": 121000000,
    "avgBlobGasPrice": 22,
    "day": 2023-05-10T00:00:00.000Z,
    "totalBlobAsCalldataFee": "5610000",
    "totalBlobAsCalldataGasUsed": "255000",
    "totalBlobFee": "121000000",
    "totalBlobGasUsed": "5500000",
    "totalBlocks": 1,
  },
  {
    "avgBlobAsCalldataFee": 5610000,
    "avgBlobFee": 121000000,
    "avgBlobGasPrice": 22,
    "day": 2023-08-03T00:00:00.000Z,
    "totalBlobAsCalldataFee": "5610000",
    "totalBlobAsCalldataGasUsed": "255000",
    "totalBlobFee": "121000000",
    "totalBlobGasUsed": "5500000",
    "totalBlocks": 1,
  },
  {
    "avgBlobAsCalldataFee": 5610000,
    "avgBlobFee": 121000000,
    "avgBlobGasPrice": 22,
    "day": 2023-08-20T00:00:00.000Z,
    "totalBlobAsCalldataFee": "5610000",
    "totalBlobAsCalldataGasUsed": "255000",
    "totalBlobFee": "121000000",
    "totalBlobGasUsed": "5500000",
    "totalBlocks": 1,
  },
  {
    "avgBlobAsCalldataFee": 5000000,
    "avgBlobFee": 100000000,
    "avgBlobGasPrice": 20,
    "day": 2023-08-28T00:00:00.000Z,
    "totalBlobAsCalldataFee": "5000000",
    "totalBlobAsCalldataGasUsed": "250000",
    "totalBlobFee": "100000000",
    "totalBlobGasUsed": "5000000",
    "totalBlocks": 1,
  },
  {
    "avgBlobAsCalldataFee": 5610000,
    "avgBlobFee": 121000000,
    "avgBlobGasPrice": 22,
    "day": 2023-08-31T00:00:00.000Z,
    "totalBlobAsCalldataFee": "16830000",
    "totalBlobAsCalldataGasUsed": "765000",
    "totalBlobFee": "363000000",
    "totalBlobGasUsed": "16500000",
    "totalBlocks": 3,
  },
]
`;

exports[`Daily command > when aggregating daily stats > should aggregate all entities' data when no entity is provided 3`] = `
[
  {
    "avgBlobAsCalldataFee": 23100,
    "avgBlobAsCalldataMaxFee": 110500,
    "avgBlobFee": 5767168,
    "avgBlobGasPrice": 22,
    "avgBlobMaxFee": 26869760,
    "avgMaxBlobGasFee": 105,
    "category": "OTHER",
    "day": 2022-10-16T00:00:00.000Z,
    "rollup": null,
    "totalBlobAsCalldataFee": "46200",
    "totalBlobAsCalldataGasUsed": "2100",
    "totalBlobAsCalldataMaxFees": "221000",
    "totalBlobFee": "11534336",
    "totalBlobGasUsed": "524288",
    "totalBlobMaxFees": "53739520",
    "totalTransactions": 2,
    "totalUniqueReceivers": 2,
    "totalUniqueSenders": 2,
  },
  {
    "avgBlobAsCalldataFee": 26400,
    "avgBlobAsCalldataMaxFee": 144000,
    "avgBlobFee": 5767168,
    "avgBlobGasPrice": 22,
    "avgBlobMaxFee": 31457280,
    "avgMaxBlobGasFee": 120,
    "category": "ROLLUP",
    "day": 2022-10-16T00:00:00.000Z,
    "rollup": null,
    "totalBlobAsCalldataFee": "26400",
    "totalBlobAsCalldataGasUsed": "1200",
    "totalBlobAsCalldataMaxFees": "144000",
    "totalBlobFee": "5767168",
    "totalBlobGasUsed": "262144",
    "totalBlobMaxFees": "31457280",
    "totalTransactions": 1,
    "totalUniqueReceivers": 1,
    "totalUniqueSenders": 1,
  },
  {
    "avgBlobAsCalldataFee": 24200,
    "avgBlobAsCalldataMaxFee": 121666.6666666667,
    "avgBlobFee": 5767168,
    "avgBlobGasPrice": 22,
    "avgBlobMaxFee": 28398933.33333333,
    "avgMaxBlobGasFee": 110,
    "category": null,
    "day": 2022-10-16T00:00:00.000Z,
    "rollup": null,
    "totalBlobAsCalldataFee": "72600",
    "totalBlobAsCalldataGasUsed": "3300",
    "totalBlobAsCalldataMaxFees": "365000",
    "totalBlobFee": "17301504",
    "totalBlobGasUsed": "786432",
    "totalBlobMaxFees": "85196800",
    "totalTransactions": 3,
    "totalUniqueReceivers": 3,
    "totalUniqueSenders": 3,
  },
  {
    "avgBlobAsCalldataFee": 26400,
    "avgBlobAsCalldataMaxFee": 144000,
    "avgBlobFee": 5767168,
    "avgBlobGasPrice": 22,
    "avgBlobMaxFee": 31457280,
    "avgMaxBlobGasFee": 120,
    "category": null,
    "day": 2022-10-16T00:00:00.000Z,
    "rollup": "OPTIMISM",
    "totalBlobAsCalldataFee": "26400",
    "totalBlobAsCalldataGasUsed": "1200",
    "totalBlobAsCalldataMaxFees": "144000",
    "totalBlobFee": "5767168",
    "totalBlobGasUsed": "262144",
    "totalBlobMaxFees": "31457280",
    "totalTransactions": 1,
    "totalUniqueReceivers": 1,
    "totalUniqueSenders": 1,
  },
  {
    "avgBlobAsCalldataFee": 22000,
    "avgBlobAsCalldataMaxFee": 100000,
    "avgBlobFee": 8650752,
    "avgBlobGasPrice": 22,
    "avgBlobMaxFee": 39321600,
    "avgMaxBlobGasFee": 100,
    "category": "ROLLUP",
    "day": 2023-05-10T00:00:00.000Z,
    "rollup": null,
    "totalBlobAsCalldataFee": "22000",
    "totalBlobAsCalldataGasUsed": "1000",
    "totalBlobAsCalldataMaxFees": "100000",
    "totalBlobFee": "8650752",
    "totalBlobGasUsed": "393216",
    "totalBlobMaxFees": "39321600",
    "totalTransactions": 1,
    "totalUniqueReceivers": 1,
    "totalUniqueSenders": 1,
  },
  {
    "avgBlobAsCalldataFee": 22000,
    "avgBlobAsCalldataMaxFee": 100000,
    "avgBlobFee": 8650752,
    "avgBlobGasPrice": 22,
    "avgBlobMaxFee": 39321600,
    "avgMaxBlobGasFee": 100,
    "category": null,
    "day": 2023-05-10T00:00:00.000Z,
    "rollup": null,
    "totalBlobAsCalldataFee": "22000",
    "totalBlobAsCalldataGasUsed": "1000",
    "totalBlobAsCalldataMaxFees": "100000",
    "totalBlobFee": "8650752",
    "totalBlobGasUsed": "393216",
    "totalBlobMaxFees": "39321600",
    "totalTransactions": 1,
    "totalUniqueReceivers": 1,
    "totalUniqueSenders": 1,
  },
  {
    "avgBlobAsCalldataFee": 22000,
    "avgBlobAsCalldataMaxFee": 100000,
    "avgBlobFee": 8650752,
    "avgBlobGasPrice": 22,
    "avgBlobMaxFee": 39321600,
    "avgMaxBlobGasFee": 100,
    "category": null,
    "day": 2023-05-10T00:00:00.000Z,
    "rollup": "BASE",
    "totalBlobAsCalldataFee": "22000",
    "totalBlobAsCalldataGasUsed": "1000",
    "totalBlobAsCalldataMaxFees": "100000",
    "totalBlobFee": "8650752",
    "totalBlobGasUsed": "393216",
    "totalBlobMaxFees": "39321600",
    "totalTransactions": 1,
    "totalUniqueReceivers": 1,
    "totalUniqueSenders": 1,
  },
  {
    "avgBlobAsCalldataFee": 22000,
    "avgBlobAsCalldataMaxFee": 100000,
    "avgBlobFee": 8650752,
    "avgBlobGasPrice": 22,
    "avgBlobMaxFee": 39321600,
    "avgMaxBlobGasFee": 100,
    "category": "OTHER",
    "day": 2023-08-03T00:00:00.000Z,
    "rollup": null,
    "totalBlobAsCalldataFee": "44000",
    "totalBlobAsCalldataGasUsed": "2000",
    "totalBlobAsCalldataMaxFees": "200000",
    "totalBlobFee": "17301504",
    "totalBlobGasUsed": "786432",
    "totalBlobMaxFees": "78643200",
    "totalTransactions": 2,
    "totalUniqueReceivers": 1,
    "totalUniqueSenders": 1,
  },
  {
    "avgBlobAsCalldataFee": 22000,
    "avgBlobAsCalldataMaxFee": 100000,
    "avgBlobFee": 8650752,
    "avgBlobGasPrice": 22,
    "avgBlobMaxFee": 39321600,
    "avgMaxBlobGasFee": 100,
    "category": null,
    "day": 2023-08-03T00:00:00.000Z,
    "rollup": null,
    "totalBlobAsCalldataFee": "44000",
    "totalBlobAsCalldataGasUsed": "2000",
    "totalBlobAsCalldataMaxFees": "200000",
    "totalBlobFee": "17301504",
    "totalBlobGasUsed": "786432",
    "totalBlobMaxFees": "78643200",
    "totalTransactions": 2,
    "totalUniqueReceivers": 1,
    "totalUniqueSenders": 1,
  },
  {
    "avgBlobAsCalldataFee": 22000,
    "avgBlobAsCalldataMaxFee": 100000,
    "avgBlobFee": 2883584,
    "avgBlobGasPrice": 22,
    "avgBlobMaxFee": 13107200,
    "avgMaxBlobGasFee": 100,
    "category": "OTHER",
    "day": 2023-08-20T00:00:00.000Z,
    "rollup": null,
    "totalBlobAsCalldataFee": "44000",
    "totalBlobAsCalldataGasUsed": "2000",
    "totalBlobAsCalldataMaxFees": "200000",
    "totalBlobFee": "5767168",
    "totalBlobGasUsed": "262144",
    "totalBlobMaxFees": "26214400",
    "totalTransactions": 2,
    "totalUniqueReceivers": 2,
    "totalUniqueSenders": 2,
  },
  {
    "avgBlobAsCalldataFee": 22000,
    "avgBlobAsCalldataMaxFee": 100000,
    "avgBlobFee": 2883584,
    "avgBlobGasPrice": 22,
    "avgBlobMaxFee": 13107200,
    "avgMaxBlobGasFee": 100,
    "category": "ROLLUP",
    "day": 2023-08-20T00:00:00.000Z,
    "rollup": null,
    "totalBlobAsCalldataFee": "66000",
    "totalBlobAsCalldataGasUsed": "3000",
    "totalBlobAsCalldataMaxFees": "300000",
    "totalBlobFee": "8650752",
    "totalBlobGasUsed": "393216",
    "totalBlobMaxFees": "39321600",
    "totalTransactions": 3,
    "totalUniqueReceivers": 3,
    "totalUniqueSenders": 3,
  },
  {
    "avgBlobAsCalldataFee": 22000,
    "avgBlobAsCalldataMaxFee": 100000,
    "avgBlobFee": 2883584,
    "avgBlobGasPrice": 22,
    "avgBlobMaxFee": 13107200,
    "avgMaxBlobGasFee": 100,
    "category": null,
    "day": 2023-08-20T00:00:00.000Z,
    "rollup": null,
    "totalBlobAsCalldataFee": "110000",
    "totalBlobAsCalldataGasUsed": "5000",
    "totalBlobAsCalldataMaxFees": "500000",
    "totalBlobFee": "14417920",
    "totalBlobGasUsed": "655360",
    "totalBlobMaxFees": "65536000",
    "totalTransactions": 5,
    "totalUniqueReceivers": 3,
    "totalUniqueSenders": 5,
  },
  {
    "avgBlobAsCalldataFee": 22000,
    "avgBlobAsCalldataMaxFee": 100000,
    "avgBlobFee": 2883584,
    "avgBlobGasPrice": 22,
    "avgBlobMaxFee": 13107200,
    "avgMaxBlobGasFee": 100,
    "category": null,
    "day": 2023-08-20T00:00:00.000Z,
    "rollup": "ARBITRUM",
    "totalBlobAsCalldataFee": "22000",
    "totalBlobAsCalldataGasUsed": "1000",
    "totalBlobAsCalldataMaxFees": "100000",
    "totalBlobFee": "2883584",
    "totalBlobGasUsed": "131072",
    "totalBlobMaxFees": "13107200",
    "totalTransactions": 1,
    "totalUniqueReceivers": 1,
    "totalUniqueSenders": 1,
  },
  {
    "avgBlobAsCalldataFee": 22000,
    "avgBlobAsCalldataMaxFee": 100000,
    "avgBlobFee": 2883584,
    "avgBlobGasPrice": 22,
    "avgBlobMaxFee": 13107200,
    "avgMaxBlobGasFee": 100,
    "category": null,
    "day": 2023-08-20T00:00:00.000Z,
    "rollup": "BASE",
    "totalBlobAsCalldataFee": "22000",
    "totalBlobAsCalldataGasUsed": "1000",
    "totalBlobAsCalldataMaxFees": "100000",
    "totalBlobFee": "2883584",
    "totalBlobGasUsed": "131072",
    "totalBlobMaxFees": "13107200",
    "totalTransactions": 1,
    "totalUniqueReceivers": 1,
    "totalUniqueSenders": 1,
  },
  {
    "avgBlobAsCalldataFee": 22000,
    "avgBlobAsCalldataMaxFee": 100000,
    "avgBlobFee": 2883584,
    "avgBlobGasPrice": 22,
    "avgBlobMaxFee": 13107200,
    "avgMaxBlobGasFee": 100,
    "category": null,
    "day": 2023-08-20T00:00:00.000Z,
    "rollup": "OPTIMISM",
    "totalBlobAsCalldataFee": "22000",
    "totalBlobAsCalldataGasUsed": "1000",
    "totalBlobAsCalldataMaxFees": "100000",
    "totalBlobFee": "2883584",
    "totalBlobGasUsed": "131072",
    "totalBlobMaxFees": "13107200",
    "totalTransactions": 1,
    "totalUniqueReceivers": 1,
    "totalUniqueSenders": 1,
  },
  {
    "avgBlobAsCalldataFee": 20000,
    "avgBlobAsCalldataMaxFee": 100000,
    "avgBlobFee": 2621440,
    "avgBlobGasPrice": 20,
    "avgBlobMaxFee": 13107200,
    "avgMaxBlobGasFee": 100,
    "category": "OTHER",
    "day": 2023-08-28T00:00:00.000Z,
    "rollup": null,
    "totalBlobAsCalldataFee": "20000",
    "totalBlobAsCalldataGasUsed": "1000",
    "totalBlobAsCalldataMaxFees": "100000",
    "totalBlobFee": "2621440",
    "totalBlobGasUsed": "131072",
    "totalBlobMaxFees": "13107200",
    "totalTransactions": 1,
    "totalUniqueReceivers": 1,
    "totalUniqueSenders": 1,
  },
  {
    "avgBlobAsCalldataFee": 20000,
    "avgBlobAsCalldataMaxFee": 100000,
    "avgBlobFee": 7864320,
    "avgBlobGasPrice": 20,
    "avgBlobMaxFee": 39321600,
    "avgMaxBlobGasFee": 100,
    "category": "ROLLUP",
    "day": 2023-08-28T00:00:00.000Z,
    "rollup": null,
    "totalBlobAsCalldataFee": "20000",
    "totalBlobAsCalldataGasUsed": "1000",
    "totalBlobAsCalldataMaxFees": "100000",
    "totalBlobFee": "7864320",
    "totalBlobGasUsed": "393216",
    "totalBlobMaxFees": "39321600",
    "totalTransactions": 1,
    "totalUniqueReceivers": 1,
    "totalUniqueSenders": 1,
  },
  {
    "avgBlobAsCalldataFee": 20000,
    "avgBlobAsCalldataMaxFee": 100000,
    "avgBlobFee": 5242880,
    "avgBlobGasPrice": 20,
    "avgBlobMaxFee": 26214400,
    "avgMaxBlobGasFee": 100,
    "category": null,
    "day": 2023-08-28T00:00:00.000Z,
    "rollup": null,
    "totalBlobAsCalldataFee": "40000",
    "totalBlobAsCalldataGasUsed": "2000",
    "totalBlobAsCalldataMaxFees": "200000",
    "totalBlobFee": "10485760",
    "totalBlobGasUsed": "524288",
    "totalBlobMaxFees": "52428800",
    "totalTransactions": 2,
    "totalUniqueReceivers": 1,
    "totalUniqueSenders": 2,
  },
  {
    "avgBlobAsCalldataFee": 20000,
    "avgBlobAsCalldataMaxFee": 100000,
    "avgBlobFee": 7864320,
    "avgBlobGasPrice": 20,
    "avgBlobMaxFee": 39321600,
    "avgMaxBlobGasFee": 100,
    "category": null,
    "day": 2023-08-28T00:00:00.000Z,
    "rollup": "OPTIMISM",
    "totalBlobAsCalldataFee": "20000",
    "totalBlobAsCalldataGasUsed": "1000",
    "totalBlobAsCalldataMaxFees": "100000",
    "totalBlobFee": "7864320",
    "totalBlobGasUsed": "393216",
    "totalBlobMaxFees": "39321600",
    "totalTransactions": 1,
    "totalUniqueReceivers": 1,
    "totalUniqueSenders": 1,
  },
  {
    "avgBlobAsCalldataFee": 22000,
    "avgBlobAsCalldataMaxFee": 100000,
    "avgBlobFee": 2883584,
    "avgBlobGasPrice": 22,
    "avgBlobMaxFee": 13107200,
    "avgMaxBlobGasFee": 100,
    "category": "OTHER",
    "day": 2023-08-31T00:00:00.000Z,
    "rollup": null,
    "totalBlobAsCalldataFee": "44000",
    "totalBlobAsCalldataGasUsed": "2000",
    "totalBlobAsCalldataMaxFees": "200000",
    "totalBlobFee": "5767168",
    "totalBlobGasUsed": "262144",
    "totalBlobMaxFees": "26214400",
    "totalTransactions": 2,
    "totalUniqueReceivers": 2,
    "totalUniqueSenders": 2,
  },
  {
    "avgBlobAsCalldataFee": 22000,
    "avgBlobAsCalldataMaxFee": 100000,
    "avgBlobFee": 8650752,
    "avgBlobGasPrice": 22,
    "avgBlobMaxFee": 39321600,
    "avgMaxBlobGasFee": 100,
    "category": "ROLLUP",
    "day": 2023-08-31T00:00:00.000Z,
    "rollup": null,
    "totalBlobAsCalldataFee": "22000",
    "totalBlobAsCalldataGasUsed": "1000",
    "totalBlobAsCalldataMaxFees": "100000",
    "totalBlobFee": "8650752",
    "totalBlobGasUsed": "393216",
    "totalBlobMaxFees": "39321600",
    "totalTransactions": 1,
    "totalUniqueReceivers": 1,
    "totalUniqueSenders": 1,
  },
  {
    "avgBlobAsCalldataFee": 22000,
    "avgBlobAsCalldataMaxFee": 100000,
    "avgBlobFee": 4805973.333333333,
    "avgBlobGasPrice": 22,
    "avgBlobMaxFee": 21845333.33333333,
    "avgMaxBlobGasFee": 100,
    "category": null,
    "day": 2023-08-31T00:00:00.000Z,
    "rollup": null,
    "totalBlobAsCalldataFee": "66000",
    "totalBlobAsCalldataGasUsed": "3000",
    "totalBlobAsCalldataMaxFees": "300000",
    "totalBlobFee": "14417920",
    "totalBlobGasUsed": "655360",
    "totalBlobMaxFees": "65536000",
    "totalTransactions": 3,
    "totalUniqueReceivers": 2,
    "totalUniqueSenders": 3,
  },
  {
    "avgBlobAsCalldataFee": 22000,
    "avgBlobAsCalldataMaxFee": 100000,
    "avgBlobFee": 8650752,
    "avgBlobGasPrice": 22,
    "avgBlobMaxFee": 39321600,
    "avgMaxBlobGasFee": 100,
    "category": null,
    "day": 2023-08-31T00:00:00.000Z,
    "rollup": "OPTIMISM",
    "totalBlobAsCalldataFee": "22000",
    "totalBlobAsCalldataGasUsed": "1000",
    "totalBlobAsCalldataMaxFees": "100000",
    "totalBlobFee": "8650752",
    "totalBlobGasUsed": "393216",
    "totalBlobMaxFees": "39321600",
    "totalTransactions": 1,
    "totalUniqueReceivers": 1,
    "totalUniqueSenders": 1,
  },
]
`;

exports[`Daily command > when aggregating daily stats > should aggregate blob data when the blob entity is provided 1`] = `
[
  {
    "category": "OTHER",
    "day": 2022-10-16T00:00:00.000Z,
    "rollup": null,
    "totalBlobSize": 4300n,
    "totalBlobs": 4,
    "totalUniqueBlobs": 3,
  },
  {
    "category": "ROLLUP",
    "day": 2022-10-16T00:00:00.000Z,
    "rollup": null,
    "totalBlobSize": 2100n,
    "totalBlobs": 2,
    "totalUniqueBlobs": 2,
  },
  {
    "category": null,
    "day": 2022-10-16T00:00:00.000Z,
    "rollup": null,
    "totalBlobSize": 6400n,
    "totalBlobs": 6,
    "totalUniqueBlobs": 3,
  },
  {
    "category": null,
    "day": 2022-10-16T00:00:00.000Z,
    "rollup": "OPTIMISM",
    "totalBlobSize": 2100n,
    "totalBlobs": 2,
    "totalUniqueBlobs": 2,
  },
  {
    "category": "ROLLUP",
    "day": 2023-05-10T00:00:00.000Z,
    "rollup": null,
    "totalBlobSize": 393216n,
    "totalBlobs": 3,
    "totalUniqueBlobs": 3,
  },
  {
    "category": null,
    "day": 2023-05-10T00:00:00.000Z,
    "rollup": null,
    "totalBlobSize": 393216n,
    "totalBlobs": 3,
    "totalUniqueBlobs": 3,
  },
  {
    "category": null,
    "day": 2023-05-10T00:00:00.000Z,
    "rollup": "BASE",
    "totalBlobSize": 393216n,
    "totalBlobs": 3,
    "totalUniqueBlobs": 3,
  },
  {
    "category": "OTHER",
    "day": 2023-08-03T00:00:00.000Z,
    "rollup": null,
    "totalBlobSize": 6200n,
    "totalBlobs": 6,
    "totalUniqueBlobs": 2,
  },
  {
    "category": null,
    "day": 2023-08-03T00:00:00.000Z,
    "rollup": null,
    "totalBlobSize": 6200n,
    "totalBlobs": 6,
    "totalUniqueBlobs": 2,
  },
  {
    "category": "OTHER",
    "day": 2023-08-20T00:00:00.000Z,
    "rollup": null,
    "totalBlobSize": 2400n,
    "totalBlobs": 2,
    "totalUniqueBlobs": 1,
  },
  {
    "category": "ROLLUP",
    "day": 2023-08-20T00:00:00.000Z,
    "rollup": null,
    "totalBlobSize": 3500n,
    "totalBlobs": 3,
    "totalUniqueBlobs": 3,
  },
  {
    "category": null,
    "day": 2023-08-20T00:00:00.000Z,
    "rollup": null,
    "totalBlobSize": 5900n,
    "totalBlobs": 5,
    "totalUniqueBlobs": 4,
  },
  {
    "category": null,
    "day": 2023-08-20T00:00:00.000Z,
    "rollup": "ARBITRUM",
    "totalBlobSize": 1100n,
    "totalBlobs": 1,
    "totalUniqueBlobs": 1,
  },
  {
    "category": null,
    "day": 2023-08-20T00:00:00.000Z,
    "rollup": "BASE",
    "totalBlobSize": 1400n,
    "totalBlobs": 1,
    "totalUniqueBlobs": 1,
  },
  {
    "category": null,
    "day": 2023-08-20T00:00:00.000Z,
    "rollup": "OPTIMISM",
    "totalBlobSize": 1000n,
    "totalBlobs": 1,
    "totalUniqueBlobs": 1,
  },
  {
    "category": "OTHER",
    "day": 2023-08-28T00:00:00.000Z,
    "rollup": null,
    "totalBlobSize": 1000n,
    "totalBlobs": 1,
    "totalUniqueBlobs": 1,
  },
  {
    "category": "ROLLUP",
    "day": 2023-08-28T00:00:00.000Z,
    "rollup": null,
    "totalBlobSize": 3000n,
    "totalBlobs": 3,
    "totalUniqueBlobs": 1,
  },
  {
    "category": null,
    "day": 2023-08-28T00:00:00.000Z,
    "rollup": null,
    "totalBlobSize": 4000n,
    "totalBlobs": 4,
    "totalUniqueBlobs": 1,
  },
  {
    "category": null,
    "day": 2023-08-28T00:00:00.000Z,
    "rollup": "OPTIMISM",
    "totalBlobSize": 3000n,
    "totalBlobs": 3,
    "totalUniqueBlobs": 1,
  },
  {
    "category": "OTHER",
    "day": 2023-08-31T00:00:00.000Z,
    "rollup": null,
    "totalBlobSize": 2500n,
    "totalBlobs": 2,
    "totalUniqueBlobs": 2,
  },
  {
    "category": "ROLLUP",
    "day": 2023-08-31T00:00:00.000Z,
    "rollup": null,
    "totalBlobSize": 3900n,
    "totalBlobs": 3,
    "totalUniqueBlobs": 1,
  },
  {
    "category": null,
    "day": 2023-08-31T00:00:00.000Z,
    "rollup": null,
    "totalBlobSize": 6400n,
    "totalBlobs": 5,
    "totalUniqueBlobs": 3,
  },
  {
    "category": null,
    "day": 2023-08-31T00:00:00.000Z,
    "rollup": "OPTIMISM",
    "totalBlobSize": 3900n,
    "totalBlobs": 3,
    "totalUniqueBlobs": 1,
  },
]
`;
