// Vitest Snapshot v1, https://vitest.dev/guide/snapshot.html

exports[`Overall command > when incrementing overall stats > should increment them until latest indexed block when target block 'latest' is provided 1`] = `
[
  {
    "category": "OTHER",
    "rollup": null,
    "totalBlobSize": 3500n,
    "totalBlobs": 3,
    "totalUniqueBlobs": 1,
  },
  {
    "category": "ROLLUP",
    "rollup": null,
    "totalBlobSize": 6900n,
    "totalBlobs": 6,
    "totalUniqueBlobs": 0,
  },
  {
    "category": null,
    "rollup": null,
    "totalBlobSize": 10400n,
    "totalBlobs": 9,
    "totalUniqueBlobs": 1,
  },
  {
    "category": null,
    "rollup": "OPTIMISM",
    "totalBlobSize": 6900n,
    "totalBlobs": 6,
    "totalUniqueBlobs": 0,
  },
]
`;

exports[`Overall command > when incrementing overall stats > should increment them until latest indexed block when target block 'latest' is provided 2`] = `
[
  {
    "avgBlobAsCalldataFee": 5457500,
    "avgBlobFee": 115750000,
    "avgBlobGasPrice": 21.5,
    "totalBlobAsCalldataFee": "21830000",
    "totalBlobAsCalldataGasUsed": "1015000",
    "totalBlobFee": "463000000",
    "totalBlobGasPrice": "86",
    "totalBlobGasUsed": "21500000",
    "totalBlocks": 4,
  },
]
`;

exports[`Overall command > when incrementing overall stats > should increment them until latest indexed block when target block 'latest' is provided 3`] = `
[
  {
    "avgBlobAsCalldataFee": 21333.33333333333,
    "avgBlobAsCalldataMaxFee": 100000,
    "avgBlobFee": 2796202.666666667,
    "avgBlobGasPrice": 21.33333333333333,
    "avgBlobMaxFee": 13107200,
    "avgMaxBlobGasFee": 100,
    "category": "OTHER",
    "rollup": null,
    "totalBlobAsCalldataFee": "64000",
    "totalBlobAsCalldataGasUsed": "3000",
    "totalBlobAsCalldataMaxFees": "300000",
    "totalBlobFee": "8388608",
    "totalBlobGasPrice": "64",
    "totalBlobGasUsed": "393216",
    "totalBlobMaxFees": "39321600",
    "totalBlobMaxGasFees": "300",
    "totalTransactions": 3,
    "totalUniqueReceivers": 0,
    "totalUniqueSenders": 0,
  },
  {
    "avgBlobAsCalldataFee": 21000,
    "avgBlobAsCalldataMaxFee": 100000,
    "avgBlobFee": 8257536,
    "avgBlobGasPrice": 21,
    "avgBlobMaxFee": 39321600,
    "avgMaxBlobGasFee": 100,
    "category": "ROLLUP",
    "rollup": null,
    "totalBlobAsCalldataFee": "42000",
    "totalBlobAsCalldataGasUsed": "2000",
    "totalBlobAsCalldataMaxFees": "200000",
    "totalBlobFee": "16515072",
    "totalBlobGasPrice": "42",
    "totalBlobGasUsed": "786432",
    "totalBlobMaxFees": "78643200",
    "totalBlobMaxGasFees": "200",
    "totalTransactions": 2,
    "totalUniqueReceivers": 0,
    "totalUniqueSenders": 0,
  },
  {
    "avgBlobAsCalldataFee": 21200,
    "avgBlobAsCalldataMaxFee": 100000,
    "avgBlobFee": 4980736,
    "avgBlobGasPrice": 21.2,
    "avgBlobMaxFee": 23592960,
    "avgMaxBlobGasFee": 100,
    "category": null,
    "rollup": null,
    "totalBlobAsCalldataFee": "106000",
    "totalBlobAsCalldataGasUsed": "5000",
    "totalBlobAsCalldataMaxFees": "500000",
    "totalBlobFee": "24903680",
    "totalBlobGasPrice": "106",
    "totalBlobGasUsed": "1179648",
    "totalBlobMaxFees": "117964800",
    "totalBlobMaxGasFees": "500",
    "totalTransactions": 5,
    "totalUniqueReceivers": 0,
    "totalUniqueSenders": 0,
  },
  {
    "avgBlobAsCalldataFee": 21000,
    "avgBlobAsCalldataMaxFee": 100000,
    "avgBlobFee": 8257536,
    "avgBlobGasPrice": 21,
    "avgBlobMaxFee": 39321600,
    "avgMaxBlobGasFee": 100,
    "category": null,
    "rollup": "OPTIMISM",
    "totalBlobAsCalldataFee": "42000",
    "totalBlobAsCalldataGasUsed": "2000",
    "totalBlobAsCalldataMaxFees": "200000",
    "totalBlobFee": "16515072",
    "totalBlobGasPrice": "42",
    "totalBlobGasUsed": "786432",
    "totalBlobMaxFees": "78643200",
    "totalBlobMaxGasFees": "200",
    "totalTransactions": 2,
    "totalUniqueReceivers": 0,
    "totalUniqueSenders": 0,
  },
]
`;
